namespace Spatie.TypeScriptTransformer.Tests.FakeClasses.Integration {
export type Dto = {
string: string;
nullbable: string | null;
default: string;
int: number;
boolean: boolean;
float: number;
object: object;
array: Array<any>;
none: any;
documented_string: string;
mixed: number | string;
documented_array: Array<number>;
mixed_with_array: number | string | Array<number | string>;
array_with_null: Array<number | null>;
enum: Spatie.TypeScriptTransformer.Tests.FakeClasses.Integration.Enum;
non_typescripted_type: any;
other_dto: Spatie.TypeScriptTransformer.Tests.FakeClasses.Integration.OtherDto;
other_dto_array: Array<Spatie.TypeScriptTransformer.Tests.FakeClasses.Integration.OtherDto>;
other_dto_collection: Array<Spatie.TypeScriptTransformer.Tests.FakeClasses.Integration.OtherDto>;
dto_with_children: Spatie.TypeScriptTransformer.Tests.FakeClasses.Integration.DtoWithChildren;
another_namespace_dto: Spatie.TypeScriptTransformer.Tests.FakeClasses.Integration.LevelUp.YetAnotherDto;
nullable_string: string | number | null;
reflection_replaced_default_type: string;
docblock_replaced_default_type: string;
array_replaced_default_type: Array<string>;
array_as_object: { [key: string]: any };
};
export type DtoWithChildren = {
name: string;
other_dto: Spatie.TypeScriptTransformer.Tests.FakeClasses.Integration.OtherDto;
other_dto_array: Array<Spatie.TypeScriptTransformer.Tests.FakeClasses.Integration.OtherDto>;
};
export type Enum = 'yes' | 'no';
export type OtherDto = {
name: string;
};
export type OtherDtoCollection = {
};
}
namespace Spatie.TypeScriptTransformer.Tests.FakeClasses.Integration.LevelUp {
export type YetAnotherDto = {
name: string;
};
}
