export type Test = {
    collection : Array<string>;
}
