export type Test = {
    collection : Array<{%Spatie\TypescriptTransformer\Tests\FakeClasses\Enum\RegularEnum%}>;
}
