export type Typed = {
string: string;
default: string;
documented_string: string;
}
