{
string: string;
default: string;
documented_string: string;
}